// Jest Snapshot v1, https://goo.gl/fbAQLP

exports[`req eval 1`] = `
"main
  @eval complex expr ✔
  fail# @eval syntax error ✘
  fail# @eval must be string value ✘

1. fail# @eval syntax error(main.test2)
   main.test2.req.v1@eval: throw err, Unexpected identifier

2. fail# @eval must be string value(main.test3)
   main.test3.req.v1@eval: should have string value

"
`;

exports[`req file 1`] = `
"main
  @file ✔
  @file ✘

1. @file(main.test2)
   main.test2.req.v1@file: cannot read file

"
`;

exports[`req main 1`] = `
"main
  req variables ✔
  all kinds ✔
  nest value ✔
"
`;

exports[`req mock 1`] = `
"main
  @mock ✘
  fail# @mock ✘
  fail# @mock must be string value ✘

1. @mock(main.test1)
   main.test1.req.v1@mock: bad mock '@username'

2. fail# @mock(main.test2)
   main.test2.req.v1@mock: bad mock 'xyz'

3. fail# @mock must be string value(main.test3)
   main.test3.req.v1@mock: should have string value

"
`;
